exit status: 0
stdout:
let _ : Bool = false;
let _ : Bool = true;
Type : Type

stderr:
