exit status: 0
stdout:
let _ : Int = 0;
Type : Type

stderr:
