exit status: 0
stdout:
(fun (A : Type) (a : A) => a)(Bool, false) : Bool

stderr:
