exit status: 0
stdout:
let x : Bool = false;
x : Bool

stderr:
