exit status: 0
stdout:
def foo : Bool = false;

def bar : Bool = true;

stderr:
