exit status: 0
stdout:
let _ : Type = Type;
let _ : Type = Int;
let _ : Type = Bool;
Type : Type

stderr:
