exit status: 0
stdout:
fun (A : Type) -> A -> A : Type

stderr:
