exit status: 0
stdout:
Bool -> Bool : Type

stderr:
