exit status: 0
stdout:
let _ : Bool -> Bool = fun (x : Bool) => x;
() : ()

stderr:
