exit status: 0
stdout:
fun (x : Bool) => x : Bool -> Bool

stderr:
