exit status: 0
stdout:
{
    let fst : fun (A : Type) (B : Type) -> (A, B) -> A = fun (A : Type)
    (B : Type)
    (p : (A, B)) => p._0;
    let snd : fun (A : Type) (B : Type) -> (A, B) -> B = fun (A : Type)
    (B : Type)
    (p : (A, B)) => p._1;
    ()
} : ()

stderr:
