exit status: 0
stdout:
(0, 1) : (Int, Int)

stderr:
