exit status: 0
stdout:
{ x : Int, y : Int } : Type

stderr:
