exit status: 0
stdout:
{ A : Type, a : A } : Type

stderr:
