exit status: 0
stdout:
{ x : Int } : Type

stderr:
